JSON
 4. Создать внешний репозиторий c названием JSON.

 5. Клонировать репозиторий JSON на локальный компьютер.
$ mkdir JSON
$ cd JSON/
$ git clone git@github.com:A1mania/JSON.git

 6. Внутри локального JSON создать файл “new.json”.
$ cd JSON/
$ touch new.json

 7. Добавить файл под гит.
$ git add new.json


 8. Закоммитить файл.
$ git commit -m "json file created"

 9. Отправить файл на внешний GitHub репозиторий.
$ git push

 10. Отредактировать содержание файла “new.json” - написать информацию о себе (ФИО, возраст, количество домашних животных, будущая желаемая зарплата). Всё написать в формате JSON.
vim new.json
Insert
{
"Name": "Packovskaya Anna Victrorovna",
        "Age": 32,
        "number_of pets": 2,
        "Future_salary": "5000$"
}
Esc
:wq

 11. Отправить изменения на внешний репозиторий.
$ git commit -m "the data is added to the file new.json"
$ git push

 12. Создать файл preferences.json
$ touch preferences.json

 13. В файл preferences.json добавить информацию о своих предпочтениях (Любимый фильм, любимый сериал, любимая еда, любимое время года, сторона которую хотели бы посетить) в формате JSON.
vim preferences.json
Insert
{
"Favourite_movie": "Harry potter",
        "Favourite_series": "Sherlock",
        "Favourite_food": "Chocolate",
        "Favourite_season": "Spring",
        "Country_to_visit": "Thailand"
}
Esc
:wq

 14. Создать файл sklls.json добавить информацию о скиллах которые будут изучены на курсе в формате JSON
$ touch skills.json
vim skills.json
Insert
{
"hard skills":[
"git", "Terminal", "javascript", "Postman"
],
        "soft skills": [
"responsiveness", "teamwork", "time management", "critical thinking"
]
}
Esc
:wq

 15. Отправить сразу 2 файла на внешний репозиторий.
$ git add preferences.json skills.json
$ git commit -m "2 files added "preferences.json", "skills.json""
$ git push

 16. На веб интерфейсе создать файл bug_report.json.
 17. Сделать Commit changes (сохранить) изменения на веб интерфейсе.
 18. На веб интерфейсе модифицировать файл bug_report.json, добавить баг репорт в формате JSON.
{
"Bug_Name": "Application crashes upon clicking the SAVE button while creating a new user."
"Bug ID": 1
"Severity": HIGH"
"Assigned_to": "Developer"
"Reported_By": "ANNA"
"Reported_On": "02.06.22"
"Environment": "Windows 2010"
"Description": "Application crashes upon clicking the SAVE button while creating a new the user, hence unable to create a new user in the application."
"Steps_to_Reproduce":[
"1)Login into the Application", 
 "2)Navigate to the Users Menu -> New User",
"3) Filled out all the user information fields",
"4) Clicked on the ‘Save’ button",
"5) Seen an error page"
]
"Expected_Result": "On clicking the SAVE button, you should be prompted to a successful message “New User has been created successfully”."
}

 19. Сделать Commit changes (сохранить) изменения на веб интерфейсе.
 20. Синхронизировать внешний и локальный репозиторий JSON
git pull

XML
 21. Создать внешний репозиторий c названием XML.
 22. Клонировать репозиторий XML на локальный компьютер.
$ mkdir XML
$ cd XML/
$ git clone git@github.com:A1mania/XML.git


 23. Внутри локального XML создать файл “new.xml”.
$ cd XML/
$ touch new.xml

 24. Добавить файл под гит.
$ git add new.xml

 25. Закоммитить файл.
$ git commit -m "new file created"

 26. Отправить файл на внешний GitHub репозиторий.
$ git push

 27. Отредактировать содержание файла “new.xml” - написать информацию о себе (ФИО, возраст, количество домашних животных, будущая желаемая зарплата). Всё написать в формате XML.
vim new.xml
Insert
<Main>
        <Name>Packovskaya Anna Victrorovna</Name>
        <Age>32</Age>
        <number_of_pets>2</number_of_pets>
        <Future_salary>5000$</Future_salary>
</Main>
Esc
:wq

 28. Отправить изменения на внешний репозиторий.
$ git add new.xml
$ git commit -m "file new.xml is changed"
$ git push

 29. Создать файл preferences.xml
touch preferences.xml

 30. В файл preferences.xml добавить информацию о своих предпочтениях (Любимый фильм, любимый сериал, любимая еда, любимое время года, сторона которую хотели бы посетить) в формате XML.
vim preferences.xml
Insert
<Preferences>
        <Favourite_movie>Harry potter<Favourite_movie>
        <Favourite_series>Sherlock<Favourite_series>
        <Favourite_food>Chocolate<Favourite_food>
        <Favourite_season>Spring<Favourite_season>
        <Country_to_visit>Thailand<Country_to_visit>
                </Preferences>
Esc
:wq

 31. Создать файл sklls.xml добавить информацию о скиллах которые будут изучены на курсе в формате XML
touch skills.xml
vim skills.xml
Inser
<skills>
        <hard_skills>git, Terminal, javascript, Postman</hard_skills>
        <soft_skills>responsiveness, teamwork, time management, critical thinking</soft_skills>
</skills>
Esc 
:qw

 32. Сделать коммит в одну строку.
$ git add preferences.xml skills.xml
$ git commit preferences.xml skills.xml -m "files preferences.xml, skills.xml are changed"

 33. Отправить сразу 2 файла на внешний репозиторий.
$ git push

 34. На веб интерфейсе создать файл bug_report.xml.
 35. Сделать Commit changes (сохранить) изменения на веб интерфейсе.
 36. На веб интерфейсе модифицировать файл bug_report.xml, добавить баг репорт в формате XML.
<New_Bug>
 
<Bug_Name>Application crashes upon clicking the SAVE button while creating a new user</Bug_Name>
<Bug_ID>1</Bug_ID>
<Severity>HIGH</Severity>
<Assigned_to>Developer</Assigned_to>
<Reported_By>ANNA</Reported_By>
<Reported_On>02.06.22</Reported_On>
<Environment>Windows 2010</Environment>
<Description>Application crashes upon clicking the SAVE button while creating a new the user, hence unable to create a new user in the application</Description>
<Steps_to_Reproduce>

1)Login into the Application, 
2)Navigate to the Users Menu -> New User,
3) Filled out all the user information fields,
4) Clicked on the ‘Save’ button,
5) Seen an error page"</Steps_to_Reproduce>
<Expected_Result> On clicking the SAVE button, you should be prompted to a successful message “New User has been created successfully”.</Expected_Result>
 </New_bug>

 37. Сделать Commit changes (сохранить) изменения на веб интерфейсе.
 38. Синхронизировать внешний и локальный репозиторий XML
git pull

TXT
 1. Создать внешний репозиторий c названием TXT.
 2. Клонировать репозиторий TXT на локальный компьютер.
$ mkdir TXT
$ cd TXT
$ git clone git@github.com:A1mania/TXT.git

 3. Внутри локального TXT создать файл “new.txt”.
$ cd TXT/
$ touch new.txt


 4. Добавить файл под гит.
$ git add new.txt

 5. Закоммитить файл.
$ git commit -m "file new.txt is added"

 6. Отправить файл на внешний GitHub репозиторий.
$ git push

 7. Отредактировать содержание файла “new.txt” - написать информацию о себе (ФИО, возраст, количество домашних животных, будущая желаемая зарплата). Всё написать в формате TXT.
vim new.txt
Insert
Name: Packovskaya Anna Victrorovna
Age: 32
number of pets: 2
Future salary: 5000$
Esc
:wq

 8. Отправить изменения на внешний репозиторий.
$ git add new.txt
$ git commit -m "new.txt is modified"
$ git push

 9. Создать файл preferences.txt
touch preferences.txt

 10. В файл preferences.txt” добавить информацию о своих предпочтениях (Любимый фильм, любимый сериал, любимая еда, любимое время года, сторона которую хотели бы посетить) в формате TXT.
vim preferences.txt
Insert
Favourite movie: "Harry potter",
Favourite series: "Sherlock",
Favourite food: Chocolate,
Favourite season: Spring,
Country-to-visit: Thailand
Esc
:wq

 11. Создать файл sklls.txt добавить информацию о скиллах которые будут изучены на курсе в формате TXT
touch skills.txt
vim skills.txt
Insert
hard skills: git, Terminal, javascript, Postman
soft skills: responsiveness, teamwork, time management, critical thinking 
Esc
:wq

 12. Сделать коммит в одну строку.
$ git add preferences.txt skills.txt
$ git commit -m "files preferences.txt, skills.txt are added"

 13. Отправить сразу 2 файла на внешний репозиторий.
git push

 14. На веб интерфейсе создать файл bug_report.txt.
 15. Сделать Commit changes (сохранить) изменения на веб интерфейсе.
 16. На веб интерфейсе модифицировать файл bug_report.txt, добавить баг репорт в формате TXT.
Bug Name: "Application crashes upon clicking the SAVE button while creating a new user."
Bug ID: 1
Severity: HIGH
Assigned to: Developer
Reported By: ANNA
Environment: Windows 2010
Description: Application crashes upon clicking the SAVE button while creating a new the user, hence unable to create a new user in the application.
Steps to Reproduce:

1)Login into the Application, 
2)Navigate to the Users Menu -> New User,
3) Filled out all the user information fields,
4) Clicked on the ‘Save’ button,
5) Seen an error page

Expected Result: On clicking the SAVE button, you should be prompted to a successful message “New User has been created successfully”.

 17. Сделать Commit changes (сохранить) изменения на веб интерфейсе.
 18. Синхронизировать внешний и локальный репозиторий TXT
git pull